<html>
<body>
<pre>
<h1>µVision Build Log</h1>
<h2>Project:</h2>
D:\code\GITpro\littleDroneController\keilpro\littleDroneController.uvproj
Project File Date:  04/12/2017

<h2>Output:</h2>
Build target 'Target 1'
linking...
Program Size: Code=52478 RO-data=610 RW-data=472 ZI-data=3328  
FromELF: creating hex file...
".\OUTPUT\littleDroneController.axf" - 0 Error(s), 0 Warning(s).
Load "D:\\code\\GITpro\\littleDroneController\\keilpro\\OUTPUT\\littleDroneController.axf" 
Set JLink Project File to "D:\code\GITpro\littleDroneController\keilpro\JLinkSettings.ini"
* JLink Info: Device "STM32F103CB" selected.
 
JLink info:
------------
DLL: V6.12f, compiled Jan 13 2017 16:37:50
Firmware: J-Link ARM V8 compiled Nov 28 2014 13:44:46
Hardware: V8.00
S/N : 799713843 
Feature(s) : RDI,FlashDL,FlashBP,JFlash,GDBFULL 
 
* JLink Info: Found SWD-DP with ID 0x1BA01477
* JLink Info: Found SWD-DP with ID 0x1BA01477
* JLink Info: AP-IDR: 0x14770011, Type: AHB-AP
* JLink Info: AHB-AP ROM: 0xE00FF000 (Base addr. of first ROM table)
* JLink Info: Found Cortex-M3 r1p1, Little endian.
* JLink Info: FPUnit: 6 code (BP) slots and 2 literal slots
* JLink Info: CoreSight components:
* JLink Info: ROMTbl 0 @ E00FF000
* JLink Info: ROMTbl 0 [0]: FFF0F000, CID: B105E00D, PID: 001BB000 SCS
* JLink Info: ROMTbl 0 [1]: FFF02000, CID: B105E00D, PID: 001BB002 DWT
* JLink Info: ROMTbl 0 [2]: FFF03000, CID: B105E00D, PID: 000BB003 FPB
* JLink Info: ROMTbl 0 [3]: FFF01000, CID: B105E00D, PID: 001BB001 ITM
* JLink Info: ROMTbl 0 [4]: FFF41000, CID: B105900D, PID: 001BB923 TPIU-Lite
ROMTableAddr = 0xE00FF003
 
Target info:
------------
Device: STM32F103CB
VTarget = 3.319V
State of Pins: 
TCK: 0, TDI: 0, TDO: 0, TMS: 1, TRES: 1, TRST: 1
Hardware-Breakpoints: 6
Software-Breakpoints: 8192
Watchpoints:          4
JTAG speed: 4000 kHz
 
Erase Done.
Programming Done.
Verify OK.
Application running ...
</pre>
</body>
</html>
 image map.
Finished: 2 information, 0 warning and 1 error messages.
".\OUTPUT\littleDroneController.axf" - 1 Error(s), 7 Warning(s).
Target not created
.c...
compiling HAL_rc.c...
..\Src\delay.h(6): warning:  #1295-D: Deprecated declaration delay_init - give arg types
  void delay_init();
..\Src\stmflash.h(38): warning:  #1295-D: Deprecated declaration Para_ResetToFactorySetup - give arg types
  void Para_ResetToFactorySetup();
..\Src\HAL_rc.c: 2 warnings, 0 errors
compiling main.c...
..\Src\delay.h(6): warning:  #1295-D: Deprecated declaration delay_init - give arg types
  void delay_init();
..\Src\stmflash.h(38): warning:  #1295-D: Deprecated declaration Para_ResetToFactorySetup - give arg types
  void Para_ResetToFactorySetup();
..\Src\main.c: 2 warnings, 0 errors
compiling rc_filter.c...
compiling schedule_tasks.c...
..\Src\delay.h(6): warning:  #1295-D: Deprecated declaration delay_init - give arg types
  void delay_init();
..\Src\schedule_tasks.c: 1 warning, 0 errors
compiling stmflash.c...
..\Src\stmflash.h(38): warning:  #1295-D: Deprecated declaration Para_ResetToFactorySetup - give arg types
  void Para_ResetToFactorySetup();
..\Src\delay.h(6): warning:  #1295-D: Deprecated declaration delay_init - give arg types
  void delay_init();
..\Src\stmflash.c(73): warning:  #167-D: argument of type "int16_t *" is incompatible with parameter of type "uint16_t *"
        EE_ReadVariable(VirtAddVarTab[EE_RC_TX_ADDR],&temp);
..\Src\stmflash.c(102): warning:  #167-D: argument of type "int16_t *" is incompatible with parameter of type "uint16_t *"
        EE_ReadVariable(VirtAddVarTab[EE_RC_THR_TRIM], &rc.trim[rc_thr_num]);
..\Src\stmflash.c(105): warning:  #167-D: argument of type "int16_t *" is incompatible with parameter of type "uint16_t *"
        EE_ReadVariable(VirtAddVarTab[EE_RC_YAW_TRIM], &rc.trim[rc_yaw_num]);
..\Src\stmflash.c(108): warning:  #167-D: argument of type "int16_t *" is incompatible with parameter of type "uint16_t *"
        EE_ReadVariable(VirtAddVarTab[EE_RC_ROL_TRIM], &rc.trim[rc_rol_num]);
..\Src\stmflash.c(111): warning:  #167-D: argument of type "int16_t *" is incompatible with parameter of type "uint16_t *"
        EE_ReadVariable(VirtAddVarTab[EE_RC_PIT_TRIM], &rc.trim[rc_pit_num]);
..\Src\stmflash.c: 7 warnings, 0 errors
".\OUTPUT\littleDroneController.axf" - 2 Error(s), 18 Warning(s).
Target not created
